2026-09-05 07:05:51 meera login
2026-09-05 07:05:51 arun login
2026-09-05 07:07:22 meera login
2026-09-05 07:07:22 arun login
2026-09-05 07:16:32 meera login
2026-09-05 07:16:32 arun login
2026-09-05 07:42:24 asha login
2026-09-05 07:42:24 ravi login
2026-09-05 07:42:24 nita login
2026-09-05 07:44:06 asha login
2026-09-05 07:44:06 ravi login
2026-09-05 07:44:06 nita login
2026-09-05 07:44:31 meera login
2026-09-05 07:44:31 arun login
2026-09-05 07:46:27 asha login
2026-09-05 07:46:27 ravi login
2026-09-05 07:46:27 nita login
2026-09-05 08:26:15 meera login
2026-09-05 08:26:15 arun login
2026-09-05 08:27:34 asha login
2026-09-05 08:27:34 ravi login
2026-09-05 08:27:35 nita login
2026-09-05 09:34:12 meera login
2026-09-05 09:34:12 arun login
2026-09-05 09:35:28 asha login
2026-09-05 09:35:28 ravi login
2026-09-05 09:35:28 nita login
2026-09-16 03:46:17 meera login
2026-09-16 03:46:18 arun login
2026-09-16 03:46:36 asha login
2026-09-16 03:46:37 ravi login
2026-09-16 03:46:37 nita login
